{
  "destinationPoints" : [ "C", "F" ],
  "sourcePoint" : "A",
  "resourcesToAvoid" : [ "A", "B" ]
}